// Jest Snapshot v1, https://goo.gl/fbAQLP

exports[`renders  Calculator 1`] = `
<form
  className=""
  onSubmit={[Function]}
>
  <div
    className="mt-auto pt-3 pb-3  container"
    style={
      Object {
        "maxWidth": "720px",
      }
    }
  >
    <div
      className="row"
    >
      <div
        className="float-right mt-auto col-12"
      >
        <div
          className="switch float-right"
          id="change-theme"
        >
          <h6>
            Change Theme
          </h6>
          <label
            className="switch-label"
          >
            <input
              onClick={[Function]}
              type="checkbox"
            />
            <span
              className="slider round"
            />
          </label>
        </div>
      </div>
    </div>
    <div
      className="row"
    >
      <div
        className="col-12"
      >
        <div
          className="mt-2 bg-transparent border-0 shadow-sm mb-1 display-history container-fluid"
        />
      </div>
    </div>
    <div
      className="row"
    >
      <div
        className="col-12"
      >
        <input
          className="mb-2  text-dark bg-transparent border-0 shadow-sm mb-1 form-control"
          defaultValue=""
          id="mathfn"
          readOnly={true}
        />
      </div>
    </div>
    <div
      className="row"
    >
      <div
        className="col-6"
      >
        <div
          className="container"
        >
          <div
            className="justify-content-center row"
          >
            <div
              className="col-4"
              style={
                Object {
                  "textAlign": "center",
                }
              }
            >
              <button
                className="shadow mb-1 pl-3 pr-3 text-dark  rounded btn btn-outline-light"
                disabled={false}
                id="number-key-7"
                onClick={[Function]}
                type="button"
              >
                7
              </button>
            </div>
            <div
              className="col-4"
              style={
                Object {
                  "textAlign": "center",
                }
              }
            >
              <button
                className="shadow mb-1 pl-3 pr-3 text-dark  rounded btn btn-outline-light"
                disabled={false}
                id="number-key-8"
                onClick={[Function]}
                type="button"
              >
                8
              </button>
            </div>
            <div
              className="col-4"
              style={
                Object {
                  "textAlign": "center",
                }
              }
            >
              <button
                className="shadow mb-1 pl-3 pr-3 text-dark  rounded btn btn-outline-light"
                disabled={false}
                id="number-key-9"
                onClick={[Function]}
                type="button"
              >
                9
              </button>
            </div>
            <div
              className="col-4"
              style={
                Object {
                  "textAlign": "center",
                }
              }
            >
              <button
                className="shadow mb-1 pl-3 pr-3 text-dark  rounded btn btn-outline-light"
                disabled={false}
                id="number-key-4"
                onClick={[Function]}
                type="button"
              >
                4
              </button>
            </div>
            <div
              className="col-4"
              style={
                Object {
                  "textAlign": "center",
                }
              }
            >
              <button
                className="shadow mb-1 pl-3 pr-3 text-dark  rounded btn btn-outline-light"
                disabled={false}
                id="number-key-5"
                onClick={[Function]}
                type="button"
              >
                5
              </button>
            </div>
            <div
              className="col-4"
              style={
                Object {
                  "textAlign": "center",
                }
              }
            >
              <button
                className="shadow mb-1 pl-3 pr-3 text-dark  rounded btn btn-outline-light"
                disabled={false}
                id="number-key-6"
                onClick={[Function]}
                type="button"
              >
                6
              </button>
            </div>
            <div
              className="col-4"
              style={
                Object {
                  "textAlign": "center",
                }
              }
            >
              <button
                className="shadow mb-1 pl-3 pr-3 text-dark  rounded btn btn-outline-light"
                disabled={false}
                id="number-key-1"
                onClick={[Function]}
                type="button"
              >
                1
              </button>
            </div>
            <div
              className="col-4"
              style={
                Object {
                  "textAlign": "center",
                }
              }
            >
              <button
                className="shadow mb-1 pl-3 pr-3 text-dark  rounded btn btn-outline-light"
                disabled={false}
                id="number-key-2"
                onClick={[Function]}
                type="button"
              >
                2
              </button>
            </div>
            <div
              className="col-4"
              style={
                Object {
                  "textAlign": "center",
                }
              }
            >
              <button
                className="shadow mb-1 pl-3 pr-3 text-dark  rounded btn btn-outline-light"
                disabled={false}
                id="number-key-3"
                onClick={[Function]}
                type="button"
              >
                3
              </button>
            </div>
            <div
              className="col-4"
              style={
                Object {
                  "textAlign": "center",
                }
              }
            >
              <button
                className="shadow mb-1 pl-3 pr-3 text-dark  rounded btn btn-outline-light"
                disabled={false}
                id="number-key-0"
                onClick={[Function]}
                type="button"
              >
                0
              </button>
            </div>
            <div
              className="col-4"
              style={
                Object {
                  "textAlign": "center",
                }
              }
            >
              <button
                className="shadow mb-1 pl-3 pr-3 text-dark  rounded btn btn-outline-light"
                disabled={false}
                id="numID-10"
                onClick={[Function]}
                type="button"
              >
                .
              </button>
            </div>
            <div
              className="col-4"
              style={
                Object {
                  "textAlign": "center",
                }
              }
            />
          </div>
        </div>
      </div>
      <div
        className="col-6"
      >
        <div
          className="container"
        >
          <div
            className="row"
          >
            <div
              className="col-4"
              style={
                Object {
                  "textAlign": "center",
                }
              }
            >
              <button
                className="shadow pl-3 pr-3 text-dark mb-1 rounded btn btn-outline-{theme.color} btn-block"
                disabled={false}
                id="operation-key-divide"
                onBlur={[Function]}
                onClick={[Function]}
                onFocus={[Function]}
                onMouseOut={[Function]}
                onMouseOver={[Function]}
                text="Divide"
                type="button"
              >
                /
              </button>
            </div>
            <div
              className="col-4"
              style={
                Object {
                  "textAlign": "center",
                }
              }
            >
              <button
                className="shadow pl-3 pr-3 text-dark mb-1 rounded btn btn-outline-{theme.color} btn-block"
                disabled={false}
                id="operation-key-multiplication"
                onBlur={[Function]}
                onClick={[Function]}
                onFocus={[Function]}
                onMouseOut={[Function]}
                onMouseOver={[Function]}
                text="Μultiplication"
                type="button"
              >
                X
              </button>
            </div>
            <div
              className="col-4"
              style={
                Object {
                  "textAlign": "center",
                }
              }
            >
              <button
                className="shadow pl-3 pr-3 text-dark mb-1 rounded btn btn-outline-{theme.color} btn-block"
                disabled={false}
                id="operation-key-minus"
                onBlur={[Function]}
                onClick={[Function]}
                onFocus={[Function]}
                onMouseOut={[Function]}
                onMouseOver={[Function]}
                text="Minus,"
                type="button"
              >
                -
              </button>
            </div>
            <div
              className="col-4"
              style={
                Object {
                  "textAlign": "center",
                }
              }
            >
              <button
                className="shadow pl-3 pr-3 text-dark mb-1 rounded btn btn-outline-{theme.color} btn-block"
                disabled={false}
                id="operation-key-plus"
                onBlur={[Function]}
                onClick={[Function]}
                onFocus={[Function]}
                onMouseOut={[Function]}
                onMouseOver={[Function]}
                text="Add"
                type="button"
              >
                +
              </button>
            </div>
            <div
              className="col-4"
              style={
                Object {
                  "textAlign": "center",
                }
              }
            >
              <button
                className="shadow pl-3 pr-3 text-dark mb-1 rounded btn btn-outline-{theme.color} btn-block"
                disabled={false}
                id="operation-key-openParenthesis"
                onBlur={[Function]}
                onClick={[Function]}
                onFocus={[Function]}
                onMouseOut={[Function]}
                onMouseOver={[Function]}
                text="Open Parenthesis"
                type="button"
              >
                (
              </button>
            </div>
            <div
              className="col-4"
              style={
                Object {
                  "textAlign": "center",
                }
              }
            >
              <button
                className="shadow pl-3 pr-3 text-dark mb-1 rounded btn btn-outline-{theme.color} btn-block"
                disabled={false}
                id="operation-key-closeParenthesis"
                onBlur={[Function]}
                onClick={[Function]}
                onFocus={[Function]}
                onMouseOut={[Function]}
                onMouseOver={[Function]}
                text="Close Parenthesis"
                type="button"
              >
                )
              </button>
            </div>
            <div
              className="col-4"
              style={
                Object {
                  "textAlign": "center",
                }
              }
            >
              <button
                className="shadow pl-3 pr-3 text-dark mb-1 rounded btn btn-outline-{theme.color} btn-block"
                disabled={false}
                id="operation-key-squared"
                onBlur={[Function]}
                onClick={[Function]}
                onFocus={[Function]}
                onMouseOut={[Function]}
                onMouseOver={[Function]}
                text="Squared"
                type="button"
              >
                x²
              </button>
            </div>
            <div
              className="col-4"
              style={
                Object {
                  "textAlign": "center",
                }
              }
            >
              <button
                className="shadow pl-3 pr-3 text-dark mb-1 rounded btn btn-outline-{theme.color} btn-block"
                disabled={false}
                id="operation-key-squareRoot"
                onBlur={[Function]}
                onClick={[Function]}
                onFocus={[Function]}
                onMouseOut={[Function]}
                onMouseOver={[Function]}
                text="Square Root"
                type="button"
              >
                √x
              </button>
            </div>
            <div
              className="col-4"
              style={
                Object {
                  "textAlign": "center",
                }
              }
            >
              <button
                className="shadow pl-3 pr-3 text-dark mb-1 rounded btn btn-outline-{theme.color} btn-block"
                disabled={false}
                id="operation-key-undo"
                onBlur={[Function]}
                onClick={[Function]}
                onFocus={[Function]}
                onMouseOut={[Function]}
                onMouseOver={[Function]}
                text="Undo"
                type="button"
              >
                ↶
              </button>
            </div>
            <div
              className="col-4"
              style={
                Object {
                  "textAlign": "center",
                }
              }
            >
              <button
                className="shadow pl-3 pr-3 text-dark mb-1 rounded btn btn-outline-{theme.color} btn-block"
                disabled={false}
                id="operation-key-clearDisplay"
                onBlur={[Function]}
                onClick={[Function]}
                onFocus={[Function]}
                onMouseOut={[Function]}
                onMouseOver={[Function]}
                text="Clear Display"
                type="button"
              >
                C
              </button>
            </div>
            <div
              className="col-8"
              style={
                Object {
                  "textAlign": "center",
                }
              }
            >
              <button
                className="shadow pl-3 pr-3 text-dark mb-1 rounded btn btn-primary btn-block"
                disabled={false}
                id="operation-key-result"
                onBlur={[Function]}
                onClick={[Function]}
                onFocus={[Function]}
                onMouseOut={[Function]}
                onMouseOver={[Function]}
                text="Calculate"
                type="button"
              >
                =
              </button>
            </div>
          </div>
        </div>
      </div>
    </div>
  </div>
</form>
`;
